Archive member included to satisfy reference by file (symbol)

d:/truestudio for stm32 9.0.0/armtools/bin/../lib/gcc/arm-atollic-eabi/6.3.1/../../../../arm-atollic-eabi/lib/armv7-m\libc_nano.a(lib_a-init.o)
                              src\startup_stm32l152xe.o (__libc_init_array)
d:/truestudio for stm32 9.0.0/armtools/bin/../lib/gcc/arm-atollic-eabi/6.3.1/../../../../arm-atollic-eabi/lib/armv7-m\libc_nano.a(lib_a-reent.o)
                              src\syscalls.o (errno)
d:/truestudio for stm32 9.0.0/armtools/bin/../lib/gcc/arm-atollic-eabi/6.3.1/../../../../arm-atollic-eabi/lib/armv7-m\libc_nano.a(lib_a-strlen.o)
                              src\main.o (strlen)
d:/truestudio for stm32 9.0.0/armtools/bin/../lib/gcc/arm-atollic-eabi/6.3.1/../../../../arm-atollic-eabi/lib/armv7-m\libc_nano.a(lib_a-impure.o)
                              d:/truestudio for stm32 9.0.0/armtools/bin/../lib/gcc/arm-atollic-eabi/6.3.1/../../../../arm-atollic-eabi/lib/armv7-m\libc_nano.a(lib_a-reent.o) (_impure_ptr)
d:/truestudio for stm32 9.0.0/armtools/bin/../lib/gcc/arm-atollic-eabi/6.3.1/../../../../arm-atollic-eabi/lib/armv7-m\libc_nano.a(lib_a-nano-freer.o)
                              d:/truestudio for stm32 9.0.0/armtools/bin/../lib/gcc/arm-atollic-eabi/6.3.1/../../../../arm-atollic-eabi/lib/armv7-m\libc_nano.a(lib_a-reent.o) (_free_r)
d:/truestudio for stm32 9.0.0/armtools/bin/../lib/gcc/arm-atollic-eabi/6.3.1/../../../../arm-atollic-eabi/lib/armv7-m\libc_nano.a(lib_a-nano-mallocr.o)
                              d:/truestudio for stm32 9.0.0/armtools/bin/../lib/gcc/arm-atollic-eabi/6.3.1/../../../../arm-atollic-eabi/lib/armv7-m\libc_nano.a(lib_a-nano-freer.o) (__malloc_free_list)
d:/truestudio for stm32 9.0.0/armtools/bin/../lib/gcc/arm-atollic-eabi/6.3.1/../../../../arm-atollic-eabi/lib/armv7-m\libc_nano.a(lib_a-sbrkr.o)
                              d:/truestudio for stm32 9.0.0/armtools/bin/../lib/gcc/arm-atollic-eabi/6.3.1/../../../../arm-atollic-eabi/lib/armv7-m\libc_nano.a(lib_a-nano-mallocr.o) (_sbrk_r)
d:/truestudio for stm32 9.0.0/armtools/bin/../lib/gcc/arm-atollic-eabi/6.3.1/../../../../arm-atollic-eabi/lib/armv7-m\libc_nano.a(lib_a-mlock.o)
                              d:/truestudio for stm32 9.0.0/armtools/bin/../lib/gcc/arm-atollic-eabi/6.3.1/../../../../arm-atollic-eabi/lib/armv7-m\libc_nano.a(lib_a-nano-freer.o) (__malloc_lock)

Allocating common symbols
Common symbol       size              file

errno               0x4               d:/truestudio for stm32 9.0.0/armtools/bin/../lib/gcc/arm-atollic-eabi/6.3.1/../../../../arm-atollic-eabi/lib/armv7-m\libc_nano.a(lib_a-reent.o)

Discarded input sections

 .text          0x00000000        0x0 d:/truestudio for stm32 9.0.0/armtools/bin/../lib/gcc/arm-atollic-eabi/6.3.1/armv7-m/crti.o
 .data          0x00000000        0x0 d:/truestudio for stm32 9.0.0/armtools/bin/../lib/gcc/arm-atollic-eabi/6.3.1/armv7-m/crti.o
 .bss           0x00000000        0x0 d:/truestudio for stm32 9.0.0/armtools/bin/../lib/gcc/arm-atollic-eabi/6.3.1/armv7-m/crti.o
 .data          0x00000000        0x4 d:/truestudio for stm32 9.0.0/armtools/bin/../lib/gcc/arm-atollic-eabi/6.3.1/armv7-m/crtbegin.o
 .text          0x00000000        0x0 src\main.o
 .data          0x00000000        0x0 src\main.o
 .bss           0x00000000        0x0 src\main.o
 .text.uartPrint
                0x00000000       0x46 src\main.o
 .text          0x00000000       0x14 src\startup_stm32l152xe.o
 .data          0x00000000        0x0 src\startup_stm32l152xe.o
 .bss           0x00000000        0x0 src\startup_stm32l152xe.o
 .text          0x00000000        0x0 src\syscalls.o
 .data          0x00000000        0x0 src\syscalls.o
 .bss           0x00000000        0x0 src\syscalls.o
 .bss.__env     0x00000000        0x4 src\syscalls.o
 .data.environ  0x00000000        0x4 src\syscalls.o
 .text.initialise_monitor_handles
                0x00000000        0xc src\syscalls.o
 .text._getpid  0x00000000       0x1c src\syscalls.o
 .text._gettimeofday
                0x00000000       0x24 src\syscalls.o
 .text._kill    0x00000000       0x24 src\syscalls.o
 .text._exit    0x00000000        0xa src\syscalls.o
 .text._write   0x00000000       0x24 src\syscalls.o
 .text._sbrk    0x00000000       0x3c src\syscalls.o
 .text._close   0x00000000       0x20 src\syscalls.o
 .text._fstat   0x00000000       0x24 src\syscalls.o
 .text._isatty  0x00000000       0x20 src\syscalls.o
 .text._lseek   0x00000000       0x24 src\syscalls.o
 .text._read    0x00000000       0x24 src\syscalls.o
 .text._readlink
                0x00000000       0x24 src\syscalls.o
 .text._open    0x00000000       0x24 src\syscalls.o
 .text._wait    0x00000000       0x20 src\syscalls.o
 .text._unlink  0x00000000       0x20 src\syscalls.o
 .text._times   0x00000000       0x20 src\syscalls.o
 .text._stat    0x00000000       0x24 src\syscalls.o
 .text._symlink
                0x00000000       0x24 src\syscalls.o
 .text._link    0x00000000       0x24 src\syscalls.o
 .text._fork    0x00000000       0x1c src\syscalls.o
 .text._execve  0x00000000       0x24 src\syscalls.o
 .bss.heap_end.5889
                0x00000000        0x4 src\syscalls.o
 .debug_info    0x00000000     0x103c src\syscalls.o
 .debug_abbrev  0x00000000      0x225 src\syscalls.o
 .debug_aranges
                0x00000000       0xc8 src\syscalls.o
 .debug_ranges  0x00000000       0xb8 src\syscalls.o
 .debug_line    0x00000000      0x38b src\syscalls.o
 .debug_str     0x00000000      0x8ae src\syscalls.o
 .comment       0x00000000       0x7d src\syscalls.o
 .debug_frame   0x00000000      0x35c src\syscalls.o
 .ARM.attributes
                0x00000000       0x33 src\syscalls.o
 .text          0x00000000        0x0 src\system_stm32l1xx.o
 .data          0x00000000        0x0 src\system_stm32l1xx.o
 .bss           0x00000000        0x0 src\system_stm32l1xx.o
 .rodata.APBPrescTable
                0x00000000        0x8 src\system_stm32l1xx.o
 .text          0x00000000        0x0 src\tiny_printf.o
 .data          0x00000000        0x0 src\tiny_printf.o
 .bss           0x00000000        0x0 src\tiny_printf.o
 .text.ts_formatlength
                0x00000000      0x12c src\tiny_printf.o
 .text.fiprintf
                0x00000000       0x9a src\tiny_printf.o
 .text.iprintf  0x00000000       0x92 src\tiny_printf.o
 .rodata        0x00000000        0x2 src\tiny_printf.o
 .text.fputs    0x00000000       0x68 src\tiny_printf.o
 .text.puts     0x00000000       0x58 src\tiny_printf.o
 .text.fwrite   0x00000000       0x38 src\tiny_printf.o
 .text          0x00000000        0x0 d:/truestudio for stm32 9.0.0/armtools/bin/../lib/gcc/arm-atollic-eabi/6.3.1/../../../../arm-atollic-eabi/lib/armv7-m\libc_nano.a(lib_a-init.o)
 .data          0x00000000        0x0 d:/truestudio for stm32 9.0.0/armtools/bin/../lib/gcc/arm-atollic-eabi/6.3.1/../../../../arm-atollic-eabi/lib/armv7-m\libc_nano.a(lib_a-init.o)
 .bss           0x00000000        0x0 d:/truestudio for stm32 9.0.0/armtools/bin/../lib/gcc/arm-atollic-eabi/6.3.1/../../../../arm-atollic-eabi/lib/armv7-m\libc_nano.a(lib_a-init.o)
 .text          0x00000000        0x0 d:/truestudio for stm32 9.0.0/armtools/bin/../lib/gcc/arm-atollic-eabi/6.3.1/../../../../arm-atollic-eabi/lib/armv7-m\libc_nano.a(lib_a-reent.o)
 .data          0x00000000        0x0 d:/truestudio for stm32 9.0.0/armtools/bin/../lib/gcc/arm-atollic-eabi/6.3.1/../../../../arm-atollic-eabi/lib/armv7-m\libc_nano.a(lib_a-reent.o)
 .bss           0x00000000        0x0 d:/truestudio for stm32 9.0.0/armtools/bin/../lib/gcc/arm-atollic-eabi/6.3.1/../../../../arm-atollic-eabi/lib/armv7-m\libc_nano.a(lib_a-reent.o)
 .text.cleanup_glue
                0x00000000       0x1a d:/truestudio for stm32 9.0.0/armtools/bin/../lib/gcc/arm-atollic-eabi/6.3.1/../../../../arm-atollic-eabi/lib/armv7-m\libc_nano.a(lib_a-reent.o)
 .text._reclaim_reent
                0x00000000       0xb8 d:/truestudio for stm32 9.0.0/armtools/bin/../lib/gcc/arm-atollic-eabi/6.3.1/../../../../arm-atollic-eabi/lib/armv7-m\libc_nano.a(lib_a-reent.o)
 .debug_frame   0x00000000       0x5c d:/truestudio for stm32 9.0.0/armtools/bin/../lib/gcc/arm-atollic-eabi/6.3.1/../../../../arm-atollic-eabi/lib/armv7-m\libc_nano.a(lib_a-reent.o)
 .ARM.attributes
                0x00000000       0x2d d:/truestudio for stm32 9.0.0/armtools/bin/../lib/gcc/arm-atollic-eabi/6.3.1/../../../../arm-atollic-eabi/lib/armv7-m\libc_nano.a(lib_a-reent.o)
 COMMON         0x00000000        0x4 d:/truestudio for stm32 9.0.0/armtools/bin/../lib/gcc/arm-atollic-eabi/6.3.1/../../../../arm-atollic-eabi/lib/armv7-m\libc_nano.a(lib_a-reent.o)
 .data          0x00000000        0x0 d:/truestudio for stm32 9.0.0/armtools/bin/../lib/gcc/arm-atollic-eabi/6.3.1/../../../../arm-atollic-eabi/lib/armv7-m\libc_nano.a(lib_a-strlen.o)
 .bss           0x00000000        0x0 d:/truestudio for stm32 9.0.0/armtools/bin/../lib/gcc/arm-atollic-eabi/6.3.1/../../../../arm-atollic-eabi/lib/armv7-m\libc_nano.a(lib_a-strlen.o)
 .text          0x00000000        0x0 d:/truestudio for stm32 9.0.0/armtools/bin/../lib/gcc/arm-atollic-eabi/6.3.1/../../../../arm-atollic-eabi/lib/armv7-m\libc_nano.a(lib_a-impure.o)
 .data          0x00000000        0x0 d:/truestudio for stm32 9.0.0/armtools/bin/../lib/gcc/arm-atollic-eabi/6.3.1/../../../../arm-atollic-eabi/lib/armv7-m\libc_nano.a(lib_a-impure.o)
 .bss           0x00000000        0x0 d:/truestudio for stm32 9.0.0/armtools/bin/../lib/gcc/arm-atollic-eabi/6.3.1/../../../../arm-atollic-eabi/lib/armv7-m\libc_nano.a(lib_a-impure.o)
 .data._impure_ptr
                0x00000000        0x4 d:/truestudio for stm32 9.0.0/armtools/bin/../lib/gcc/arm-atollic-eabi/6.3.1/../../../../arm-atollic-eabi/lib/armv7-m\libc_nano.a(lib_a-impure.o)
 .data.impure_data
                0x00000000       0x60 d:/truestudio for stm32 9.0.0/armtools/bin/../lib/gcc/arm-atollic-eabi/6.3.1/../../../../arm-atollic-eabi/lib/armv7-m\libc_nano.a(lib_a-impure.o)
 .rodata._global_impure_ptr
                0x00000000        0x4 d:/truestudio for stm32 9.0.0/armtools/bin/../lib/gcc/arm-atollic-eabi/6.3.1/../../../../arm-atollic-eabi/lib/armv7-m\libc_nano.a(lib_a-impure.o)
 .ARM.attributes
                0x00000000       0x2d d:/truestudio for stm32 9.0.0/armtools/bin/../lib/gcc/arm-atollic-eabi/6.3.1/../../../../arm-atollic-eabi/lib/armv7-m\libc_nano.a(lib_a-impure.o)
 .text          0x00000000        0x0 d:/truestudio for stm32 9.0.0/armtools/bin/../lib/gcc/arm-atollic-eabi/6.3.1/../../../../arm-atollic-eabi/lib/armv7-m\libc_nano.a(lib_a-nano-freer.o)
 .data          0x00000000        0x0 d:/truestudio for stm32 9.0.0/armtools/bin/../lib/gcc/arm-atollic-eabi/6.3.1/../../../../arm-atollic-eabi/lib/armv7-m\libc_nano.a(lib_a-nano-freer.o)
 .bss           0x00000000        0x0 d:/truestudio for stm32 9.0.0/armtools/bin/../lib/gcc/arm-atollic-eabi/6.3.1/../../../../arm-atollic-eabi/lib/armv7-m\libc_nano.a(lib_a-nano-freer.o)
 .text._free_r  0x00000000       0x98 d:/truestudio for stm32 9.0.0/armtools/bin/../lib/gcc/arm-atollic-eabi/6.3.1/../../../../arm-atollic-eabi/lib/armv7-m\libc_nano.a(lib_a-nano-freer.o)
 .debug_frame   0x00000000       0x38 d:/truestudio for stm32 9.0.0/armtools/bin/../lib/gcc/arm-atollic-eabi/6.3.1/../../../../arm-atollic-eabi/lib/armv7-m\libc_nano.a(lib_a-nano-freer.o)
 .ARM.attributes
                0x00000000       0x2d d:/truestudio for stm32 9.0.0/armtools/bin/../lib/gcc/arm-atollic-eabi/6.3.1/../../../../arm-atollic-eabi/lib/armv7-m\libc_nano.a(lib_a-nano-freer.o)
 .text          0x00000000        0x0 d:/truestudio for stm32 9.0.0/armtools/bin/../lib/gcc/arm-atollic-eabi/6.3.1/../../../../arm-atollic-eabi/lib/armv7-m\libc_nano.a(lib_a-nano-mallocr.o)
 .data          0x00000000        0x0 d:/truestudio for stm32 9.0.0/armtools/bin/../lib/gcc/arm-atollic-eabi/6.3.1/../../../../arm-atollic-eabi/lib/armv7-m\libc_nano.a(lib_a-nano-mallocr.o)
 .bss           0x00000000        0x0 d:/truestudio for stm32 9.0.0/armtools/bin/../lib/gcc/arm-atollic-eabi/6.3.1/../../../../arm-atollic-eabi/lib/armv7-m\libc_nano.a(lib_a-nano-mallocr.o)
 .text._malloc_r
                0x00000000       0xbc d:/truestudio for stm32 9.0.0/armtools/bin/../lib/gcc/arm-atollic-eabi/6.3.1/../../../../arm-atollic-eabi/lib/armv7-m\libc_nano.a(lib_a-nano-mallocr.o)
 .bss.__malloc_free_list
                0x00000000        0x4 d:/truestudio for stm32 9.0.0/armtools/bin/../lib/gcc/arm-atollic-eabi/6.3.1/../../../../arm-atollic-eabi/lib/armv7-m\libc_nano.a(lib_a-nano-mallocr.o)
 .bss.__malloc_sbrk_start
                0x00000000        0x4 d:/truestudio for stm32 9.0.0/armtools/bin/../lib/gcc/arm-atollic-eabi/6.3.1/../../../../arm-atollic-eabi/lib/armv7-m\libc_nano.a(lib_a-nano-mallocr.o)
 .debug_frame   0x00000000       0x2c d:/truestudio for stm32 9.0.0/armtools/bin/../lib/gcc/arm-atollic-eabi/6.3.1/../../../../arm-atollic-eabi/lib/armv7-m\libc_nano.a(lib_a-nano-mallocr.o)
 .ARM.attributes
                0x00000000       0x2d d:/truestudio for stm32 9.0.0/armtools/bin/../lib/gcc/arm-atollic-eabi/6.3.1/../../../../arm-atollic-eabi/lib/armv7-m\libc_nano.a(lib_a-nano-mallocr.o)
 .text          0x00000000        0x0 d:/truestudio for stm32 9.0.0/armtools/bin/../lib/gcc/arm-atollic-eabi/6.3.1/../../../../arm-atollic-eabi/lib/armv7-m\libc_nano.a(lib_a-sbrkr.o)
 .data          0x00000000        0x0 d:/truestudio for stm32 9.0.0/armtools/bin/../lib/gcc/arm-atollic-eabi/6.3.1/../../../../arm-atollic-eabi/lib/armv7-m\libc_nano.a(lib_a-sbrkr.o)
 .bss           0x00000000        0x0 d:/truestudio for stm32 9.0.0/armtools/bin/../lib/gcc/arm-atollic-eabi/6.3.1/../../../../arm-atollic-eabi/lib/armv7-m\libc_nano.a(lib_a-sbrkr.o)
 .text._sbrk_r  0x00000000       0x20 d:/truestudio for stm32 9.0.0/armtools/bin/../lib/gcc/arm-atollic-eabi/6.3.1/../../../../arm-atollic-eabi/lib/armv7-m\libc_nano.a(lib_a-sbrkr.o)
 .debug_frame   0x00000000       0x2c d:/truestudio for stm32 9.0.0/armtools/bin/../lib/gcc/arm-atollic-eabi/6.3.1/../../../../arm-atollic-eabi/lib/armv7-m\libc_nano.a(lib_a-sbrkr.o)
 .ARM.attributes
                0x00000000       0x2d d:/truestudio for stm32 9.0.0/armtools/bin/../lib/gcc/arm-atollic-eabi/6.3.1/../../../../arm-atollic-eabi/lib/armv7-m\libc_nano.a(lib_a-sbrkr.o)
 .text          0x00000000        0x0 d:/truestudio for stm32 9.0.0/armtools/bin/../lib/gcc/arm-atollic-eabi/6.3.1/../../../../arm-atollic-eabi/lib/armv7-m\libc_nano.a(lib_a-mlock.o)
 .data          0x00000000        0x0 d:/truestudio for stm32 9.0.0/armtools/bin/../lib/gcc/arm-atollic-eabi/6.3.1/../../../../arm-atollic-eabi/lib/armv7-m\libc_nano.a(lib_a-mlock.o)
 .bss           0x00000000        0x0 d:/truestudio for stm32 9.0.0/armtools/bin/../lib/gcc/arm-atollic-eabi/6.3.1/../../../../arm-atollic-eabi/lib/armv7-m\libc_nano.a(lib_a-mlock.o)
 .text.__malloc_lock
                0x00000000        0x2 d:/truestudio for stm32 9.0.0/armtools/bin/../lib/gcc/arm-atollic-eabi/6.3.1/../../../../arm-atollic-eabi/lib/armv7-m\libc_nano.a(lib_a-mlock.o)
 .text.__malloc_unlock
                0x00000000        0x2 d:/truestudio for stm32 9.0.0/armtools/bin/../lib/gcc/arm-atollic-eabi/6.3.1/../../../../arm-atollic-eabi/lib/armv7-m\libc_nano.a(lib_a-mlock.o)
 .debug_frame   0x00000000       0x30 d:/truestudio for stm32 9.0.0/armtools/bin/../lib/gcc/arm-atollic-eabi/6.3.1/../../../../arm-atollic-eabi/lib/armv7-m\libc_nano.a(lib_a-mlock.o)
 .ARM.attributes
                0x00000000       0x2d d:/truestudio for stm32 9.0.0/armtools/bin/../lib/gcc/arm-atollic-eabi/6.3.1/../../../../arm-atollic-eabi/lib/armv7-m\libc_nano.a(lib_a-mlock.o)
 .text          0x00000000        0x0 d:/truestudio for stm32 9.0.0/armtools/bin/../lib/gcc/arm-atollic-eabi/6.3.1/armv7-m/crtend.o
 .data          0x00000000        0x0 d:/truestudio for stm32 9.0.0/armtools/bin/../lib/gcc/arm-atollic-eabi/6.3.1/armv7-m/crtend.o
 .bss           0x00000000        0x0 d:/truestudio for stm32 9.0.0/armtools/bin/../lib/gcc/arm-atollic-eabi/6.3.1/armv7-m/crtend.o
 .eh_frame      0x00000000        0x4 d:/truestudio for stm32 9.0.0/armtools/bin/../lib/gcc/arm-atollic-eabi/6.3.1/armv7-m/crtend.o
 .ARM.attributes
                0x00000000       0x2d d:/truestudio for stm32 9.0.0/armtools/bin/../lib/gcc/arm-atollic-eabi/6.3.1/armv7-m/crtend.o
 .text          0x00000000        0x0 d:/truestudio for stm32 9.0.0/armtools/bin/../lib/gcc/arm-atollic-eabi/6.3.1/armv7-m/crtn.o
 .data          0x00000000        0x0 d:/truestudio for stm32 9.0.0/armtools/bin/../lib/gcc/arm-atollic-eabi/6.3.1/armv7-m/crtn.o
 .bss           0x00000000        0x0 d:/truestudio for stm32 9.0.0/armtools/bin/../lib/gcc/arm-atollic-eabi/6.3.1/armv7-m/crtn.o

Memory Configuration

Name             Origin             Length             Attributes
FLASH            0x08000000         0x00080000         xr
RAM              0x20000000         0x00014000         xrw
MEMORY_B1        0x60000000         0x00000000         xr
*default*        0x00000000         0xffffffff

Linker script and memory map

LOAD d:/truestudio for stm32 9.0.0/armtools/bin/../lib/gcc/arm-atollic-eabi/6.3.1/armv7-m/crti.o
LOAD d:/truestudio for stm32 9.0.0/armtools/bin/../lib/gcc/arm-atollic-eabi/6.3.1/armv7-m/crtbegin.o
LOAD src\main.o
LOAD src\startup_stm32l152xe.o
LOAD src\syscalls.o
LOAD src\system_stm32l1xx.o
LOAD src\tiny_printf.o
                0x00000080                malloc_getpagesize_P = 0x80
START GROUP
LOAD d:/truestudio for stm32 9.0.0/armtools/bin/../lib/gcc/arm-atollic-eabi/6.3.1/../../../../arm-atollic-eabi/lib/armv7-m\libc_nano.a
LOAD d:/truestudio for stm32 9.0.0/armtools/bin/../lib/gcc/arm-atollic-eabi/6.3.1/../../../../arm-atollic-eabi/lib/armv7-m\libm.a
END GROUP
START GROUP
LOAD d:/truestudio for stm32 9.0.0/armtools/bin/../lib/gcc/arm-atollic-eabi/6.3.1/armv7-m\libgcc.a
LOAD d:/truestudio for stm32 9.0.0/armtools/bin/../lib/gcc/arm-atollic-eabi/6.3.1/../../../../arm-atollic-eabi/lib/armv7-m\libc_nano.a
END GROUP
START GROUP
LOAD d:/truestudio for stm32 9.0.0/armtools/bin/../lib/gcc/arm-atollic-eabi/6.3.1/armv7-m\libgcc.a
LOAD d:/truestudio for stm32 9.0.0/armtools/bin/../lib/gcc/arm-atollic-eabi/6.3.1/../../../../arm-atollic-eabi/lib/armv7-m\libc_nano.a
LOAD d:/truestudio for stm32 9.0.0/armtools/bin/../lib/gcc/arm-atollic-eabi/6.3.1/../../../../arm-atollic-eabi/lib/armv7-m\libnosys.a
END GROUP
START GROUP
LOAD d:/truestudio for stm32 9.0.0/armtools/bin/../lib/gcc/arm-atollic-eabi/6.3.1/armv7-m\libgcc.a
LOAD d:/truestudio for stm32 9.0.0/armtools/bin/../lib/gcc/arm-atollic-eabi/6.3.1/../../../../arm-atollic-eabi/lib/armv7-m\libc_nano.a
LOAD d:/truestudio for stm32 9.0.0/armtools/bin/../lib/gcc/arm-atollic-eabi/6.3.1/../../../../arm-atollic-eabi/lib/armv7-m\libnosys.a
END GROUP
LOAD d:/truestudio for stm32 9.0.0/armtools/bin/../lib/gcc/arm-atollic-eabi/6.3.1/armv7-m/crtend.o
LOAD d:/truestudio for stm32 9.0.0/armtools/bin/../lib/gcc/arm-atollic-eabi/6.3.1/armv7-m/crtn.o
                0x20014000                _estack = 0x20014000
                0x00000000                _Min_Heap_Size = 0x0
                0x00000400                _Min_Stack_Size = 0x400

.isr_vector     0x08000000      0x13c
                0x08000000                . = ALIGN (0x4)
 *(.isr_vector)
 .isr_vector    0x08000000      0x13c src\startup_stm32l152xe.o
                0x08000000                g_pfnVectors
                0x0800013c                . = ALIGN (0x4)

.text           0x0800013c      0xf40
                0x0800013c                . = ALIGN (0x4)
 *(.text)
 .text          0x0800013c       0x40 d:/truestudio for stm32 9.0.0/armtools/bin/../lib/gcc/arm-atollic-eabi/6.3.1/armv7-m/crtbegin.o
 .text          0x0800017c       0x10 d:/truestudio for stm32 9.0.0/armtools/bin/../lib/gcc/arm-atollic-eabi/6.3.1/../../../../arm-atollic-eabi/lib/armv7-m\libc_nano.a(lib_a-strlen.o)
                0x0800017c                strlen
 *(.text*)
 .text.NVIC_EnableIRQ
                0x0800018c       0x30 src\main.o
 .text.SetSysClock
                0x080001bc      0x10c src\main.o
                0x080001bc                SetSysClock
 .text.main     0x080002c8      0x2f8 src\main.o
                0x080002c8                main
 .text.crcCheck
                0x080005c0       0x50 src\main.o
                0x080005c0                crcCheck
 .text.CRC16    0x08000610       0x54 src\main.o
                0x08000610                CRC16
 .text.USART2_read
                0x08000664       0x30 src\main.o
                0x08000664                USART2_read
 .text.getDHT22Pin
                0x08000694       0x24 src\main.o
                0x08000694                getDHT22Pin
 .text.delay_ms
                0x080006b8       0x3a src\main.o
                0x080006b8                delay_ms
 .text.delay_40us
                0x080006f2       0x36 src\main.o
                0x080006f2                delay_40us
 .text.USART2_Init
                0x08000728       0x84 src\main.o
                0x08000728                USART2_Init
 .text.USART2_write
                0x080007ac       0x2c src\main.o
                0x080007ac                USART2_write
 .text.uartPrintLiteralStr
                0x080007d8       0x4a src\main.o
                0x080007d8                uartPrintLiteralStr
 *fill*         0x08000822        0x2 
 .text.USART2_IRQHandler
                0x08000824       0x6c src\main.o
                0x08000824                USART2_IRQHandler
 .text.readSensor
                0x08000890      0x156 src\main.o
                0x08000890                readSensor
 *fill*         0x080009e6        0x2 
 .text.sendStartToDHT22
                0x080009e8       0x5c src\main.o
                0x080009e8                sendStartToDHT22
 .text.receiveDHT22PreparationResponse
                0x08000a44       0x28 src\main.o
                0x08000a44                receiveDHT22PreparationResponse
 .text.receiveDHT22Data
                0x08000a6c      0x1c0 src\main.o
                0x08000a6c                receiveDHT22Data
 .text.Reset_Handler
                0x08000c2c       0x48 src\startup_stm32l152xe.o
                0x08000c2c                Reset_Handler
 .text.Default_Handler
                0x08000c74        0x2 src\startup_stm32l152xe.o
                0x08000c74                RTC_Alarm_IRQHandler
                0x08000c74                EXTI2_IRQHandler
                0x08000c74                COMP_ACQ_IRQHandler
                0x08000c74                DebugMon_Handler
                0x08000c74                HardFault_Handler
                0x08000c74                TIM10_IRQHandler
                0x08000c74                USB_HP_IRQHandler
                0x08000c74                TIM6_IRQHandler
                0x08000c74                SysTick_Handler
                0x08000c74                PVD_IRQHandler
                0x08000c74                PendSV_Handler
                0x08000c74                NMI_Handler
                0x08000c74                EXTI3_IRQHandler
                0x08000c74                EXTI0_IRQHandler
                0x08000c74                I2C2_EV_IRQHandler
                0x08000c74                UsageFault_Handler
                0x08000c74                SPI1_IRQHandler
                0x08000c74                USB_FS_WKUP_IRQHandler
                0x08000c74                DMA2_Channel2_IRQHandler
                0x08000c74                DMA1_Channel4_IRQHandler
                0x08000c74                ADC1_IRQHandler
                0x08000c74                USART3_IRQHandler
                0x08000c74                DMA1_Channel7_IRQHandler
                0x08000c74                LCD_IRQHandler
                0x08000c74                UART5_IRQHandler
                0x08000c74                TIM4_IRQHandler
                0x08000c74                DMA2_Channel1_IRQHandler
                0x08000c74                I2C1_EV_IRQHandler
                0x08000c74                DMA1_Channel6_IRQHandler
                0x08000c74                UART4_IRQHandler
                0x08000c74                DMA2_Channel4_IRQHandler
                0x08000c74                TIM3_IRQHandler
                0x08000c74                RCC_IRQHandler
                0x08000c74                DMA1_Channel1_IRQHandler
                0x08000c74                Default_Handler
                0x08000c74                EXTI15_10_IRQHandler
                0x08000c74                TIM7_IRQHandler
                0x08000c74                TIM5_IRQHandler
                0x08000c74                EXTI9_5_IRQHandler
                0x08000c74                TIM9_IRQHandler
                0x08000c74                TAMPER_STAMP_IRQHandler
                0x08000c74                RTC_WKUP_IRQHandler
                0x08000c74                SPI2_IRQHandler
                0x08000c74                MemManage_Handler
                0x08000c74                SVC_Handler
                0x08000c74                DMA2_Channel5_IRQHandler
                0x08000c74                DMA1_Channel5_IRQHandler
                0x08000c74                USB_LP_IRQHandler
                0x08000c74                EXTI4_IRQHandler
                0x08000c74                DMA1_Channel3_IRQHandler
                0x08000c74                COMP_IRQHandler
                0x08000c74                WWDG_IRQHandler
                0x08000c74                TIM2_IRQHandler
                0x08000c74                DAC_IRQHandler
                0x08000c74                EXTI1_IRQHandler
                0x08000c74                TIM11_IRQHandler
                0x08000c74                I2C2_ER_IRQHandler
                0x08000c74                DMA1_Channel2_IRQHandler
                0x08000c74                FLASH_IRQHandler
                0x08000c74                BusFault_Handler
                0x08000c74                USART1_IRQHandler
                0x08000c74                SPI3_IRQHandler
                0x08000c74                I2C1_ER_IRQHandler
                0x08000c74                DMA2_Channel3_IRQHandler
 *fill*         0x08000c76        0x2 
 .text.SystemInit
                0x08000c78       0x68 src\system_stm32l1xx.o
                0x08000c78                SystemInit
 .text.SystemCoreClockUpdate
                0x08000ce0      0x150 src\system_stm32l1xx.o
                0x08000ce0                SystemCoreClockUpdate
 .text.ts_itoa  0x08000e30       0x90 src\tiny_printf.o
                0x08000e30                ts_itoa
 .text.ts_formatstring
                0x08000ec0      0x12e src\tiny_printf.o
                0x08000ec0                ts_formatstring
 .text.siprintf
                0x08000fee       0x2c src\tiny_printf.o
                0x08000fee                siprintf
                0x08000fee                sprintf
 *fill*         0x0800101a        0x2 
 .text.__libc_init_array
                0x0800101c       0x48 d:/truestudio for stm32 9.0.0/armtools/bin/../lib/gcc/arm-atollic-eabi/6.3.1/../../../../arm-atollic-eabi/lib/armv7-m\libc_nano.a(lib_a-init.o)
                0x0800101c                __libc_init_array
 *(.glue_7)
 .glue_7        0x08001064        0x0 linker stubs
 *(.glue_7t)
 .glue_7t       0x08001064        0x0 linker stubs
 *(.eh_frame)
 .eh_frame      0x08001064        0x0 d:/truestudio for stm32 9.0.0/armtools/bin/../lib/gcc/arm-atollic-eabi/6.3.1/armv7-m/crtbegin.o
 *(.init)
 .init          0x08001064        0x4 d:/truestudio for stm32 9.0.0/armtools/bin/../lib/gcc/arm-atollic-eabi/6.3.1/armv7-m/crti.o
                0x08001064                _init
 .init          0x08001068        0x8 d:/truestudio for stm32 9.0.0/armtools/bin/../lib/gcc/arm-atollic-eabi/6.3.1/armv7-m/crtn.o
 *(.fini)
 .fini          0x08001070        0x4 d:/truestudio for stm32 9.0.0/armtools/bin/../lib/gcc/arm-atollic-eabi/6.3.1/armv7-m/crti.o
                0x08001070                _fini
 .fini          0x08001074        0x8 d:/truestudio for stm32 9.0.0/armtools/bin/../lib/gcc/arm-atollic-eabi/6.3.1/armv7-m/crtn.o
                0x0800107c                . = ALIGN (0x4)
                0x0800107c                _etext = .

.vfp11_veneer   0x0800107c        0x0
 .vfp11_veneer  0x0800107c        0x0 linker stubs

.v4_bx          0x0800107c        0x0
 .v4_bx         0x0800107c        0x0 linker stubs

.iplt           0x0800107c        0x0
 .iplt          0x0800107c        0x0 d:/truestudio for stm32 9.0.0/armtools/bin/../lib/gcc/arm-atollic-eabi/6.3.1/armv7-m/crtbegin.o

.rodata         0x0800107c      0x2b4
                0x0800107c                . = ALIGN (0x4)
 *(.rodata)
 .rodata        0x0800107c       0x95 src\main.o
 *(.rodata*)
 *fill*         0x08001111        0x3 
 .rodata.wCRCTable.6659
                0x08001114      0x200 src\main.o
 .rodata.PLLMulTable
                0x08001314        0x9 src\system_stm32l1xx.o
                0x08001314                PLLMulTable
 *fill*         0x0800131d        0x3 
 .rodata.AHBPrescTable
                0x08001320       0x10 src\system_stm32l1xx.o
                0x08001320                AHBPrescTable
                0x08001330                . = ALIGN (0x4)

.rel.dyn        0x08001330        0x0
 .rel.iplt      0x08001330        0x0 d:/truestudio for stm32 9.0.0/armtools/bin/../lib/gcc/arm-atollic-eabi/6.3.1/armv7-m/crtbegin.o

.ARM.extab
 *(.ARM.extab* .gnu.linkonce.armextab.*)

.ARM            0x08001330        0x0
                0x08001330                __exidx_start = .
 *(.ARM.exidx*)
                0x08001330                __exidx_end = .

.preinit_array  0x08001330        0x0
                0x08001330                PROVIDE (__preinit_array_start, .)
 *(.preinit_array*)
                0x08001330                PROVIDE (__preinit_array_end, .)

.init_array     0x08001330        0x4
                0x08001330                PROVIDE (__init_array_start, .)
 *(SORT(.init_array.*))
 *(.init_array*)
 .init_array    0x08001330        0x4 d:/truestudio for stm32 9.0.0/armtools/bin/../lib/gcc/arm-atollic-eabi/6.3.1/armv7-m/crtbegin.o
                0x08001334                PROVIDE (__init_array_end, .)

.fini_array     0x08001334        0x4
                [!provide]                PROVIDE (__fini_array_start, .)
 *(SORT(.fini_array.*))
 *(.fini_array*)
 .fini_array    0x08001334        0x4 d:/truestudio for stm32 9.0.0/armtools/bin/../lib/gcc/arm-atollic-eabi/6.3.1/armv7-m/crtbegin.o
                [!provide]                PROVIDE (__fini_array_end, .)
                0x08001338                _sidata = LOADADDR (.data)

.data           0x20000000        0x4 load address 0x08001338
                0x20000000                . = ALIGN (0x4)
                0x20000000                _sdata = .
 *(.data)
 *(.data*)
 .data.SystemCoreClock
                0x20000000        0x4 src\system_stm32l1xx.o
                0x20000000                SystemCoreClock
                0x20000004                . = ALIGN (0x4)
                0x20000004                _edata = .

.igot.plt       0x20000004        0x0 load address 0x0800133c
 .igot.plt      0x20000004        0x0 d:/truestudio for stm32 9.0.0/armtools/bin/../lib/gcc/arm-atollic-eabi/6.3.1/armv7-m/crtbegin.o
                0x20000004                . = ALIGN (0x4)

.bss            0x20000004       0x20 load address 0x0800133c
                0x20000004                _sbss = .
                0x20000004                __bss_start__ = _sbss
 *(.bss)
 .bss           0x20000004       0x1c d:/truestudio for stm32 9.0.0/armtools/bin/../lib/gcc/arm-atollic-eabi/6.3.1/armv7-m/crtbegin.o
 *(.bss*)
 .bss.mFlag     0x20000020        0x1 src\main.o
                0x20000020                mFlag
 *(COMMON)
                0x20000024                . = ALIGN (0x4)
 *fill*         0x20000021        0x3 
                0x20000024                _ebss = .
                0x20000024                __bss_end__ = _ebss

._user_heap_stack
                0x20000024      0x400 load address 0x0800133c
                0x20000024                . = ALIGN (0x4)
                0x20000024                PROVIDE (end, .)
                [!provide]                PROVIDE (_end, .)
                0x20000024                . = (. + _Min_Heap_Size)
                0x20000424                . = (. + _Min_Stack_Size)
 *fill*         0x20000024      0x400 
                0x20000424                . = ALIGN (0x4)

.memory_b1_text
 *(.mb1text)
 *(.mb1text*)
 *(.mb1rodata)
 *(.mb1rodata*)

/DISCARD/
 libc.a(*)
 libm.a(*)
 libgcc.a(*)

.ARM.attributes
                0x00000000       0x29
 *(.ARM.attributes)
 .ARM.attributes
                0x00000000       0x1d d:/truestudio for stm32 9.0.0/armtools/bin/../lib/gcc/arm-atollic-eabi/6.3.1/armv7-m/crti.o
 .ARM.attributes
                0x0000001d       0x2d d:/truestudio for stm32 9.0.0/armtools/bin/../lib/gcc/arm-atollic-eabi/6.3.1/armv7-m/crtbegin.o
 .ARM.attributes
                0x0000004a       0x33 src\main.o
 .ARM.attributes
                0x0000007d       0x21 src\startup_stm32l152xe.o
 .ARM.attributes
                0x0000009e       0x33 src\system_stm32l1xx.o
 .ARM.attributes
                0x000000d1       0x33 src\tiny_printf.o
 .ARM.attributes
                0x00000104       0x2d d:/truestudio for stm32 9.0.0/armtools/bin/../lib/gcc/arm-atollic-eabi/6.3.1/../../../../arm-atollic-eabi/lib/armv7-m\libc_nano.a(lib_a-init.o)
 .ARM.attributes
                0x00000131       0x17 d:/truestudio for stm32 9.0.0/armtools/bin/../lib/gcc/arm-atollic-eabi/6.3.1/../../../../arm-atollic-eabi/lib/armv7-m\libc_nano.a(lib_a-strlen.o)
 .ARM.attributes
                0x00000148       0x1d d:/truestudio for stm32 9.0.0/armtools/bin/../lib/gcc/arm-atollic-eabi/6.3.1/armv7-m/crtn.o
OUTPUT(template.elf elf32-littlearm)

.debug_info     0x00000000     0x2676
 .debug_info    0x00000000     0x155b src\main.o
 .debug_info    0x0000155b       0x58 src\startup_stm32l152xe.o
 .debug_info    0x000015b3      0x44b src\system_stm32l1xx.o
 .debug_info    0x000019fe      0xc78 src\tiny_printf.o

.debug_abbrev   0x00000000      0x73c
 .debug_abbrev  0x00000000      0x3ba src\main.o
 .debug_abbrev  0x000003ba       0x12 src\startup_stm32l152xe.o
 .debug_abbrev  0x000003cc      0x10e src\system_stm32l1xx.o
 .debug_abbrev  0x000004da      0x262 src\tiny_printf.o

.debug_aranges  0x00000000      0x158
 .debug_aranges
                0x00000000       0xa8 src\main.o
 .debug_aranges
                0x000000a8       0x28 src\startup_stm32l152xe.o
 .debug_aranges
                0x000000d0       0x28 src\system_stm32l1xx.o
 .debug_aranges
                0x000000f8       0x60 src\tiny_printf.o

.debug_ranges   0x00000000      0x120
 .debug_ranges  0x00000000       0x98 src\main.o
 .debug_ranges  0x00000098       0x20 src\startup_stm32l152xe.o
 .debug_ranges  0x000000b8       0x18 src\system_stm32l1xx.o
 .debug_ranges  0x000000d0       0x50 src\tiny_printf.o

.debug_line     0x00000000      0xa4d
 .debug_line    0x00000000      0x5c2 src\main.o
 .debug_line    0x000005c2       0x79 src\startup_stm32l152xe.o
 .debug_line    0x0000063b      0x1a7 src\system_stm32l1xx.o
 .debug_line    0x000007e2      0x26b src\tiny_printf.o

.debug_str      0x00000000      0xd96
 .debug_str     0x00000000      0xc46 src\main.o
                                0xcfa (size before relaxing)
 .debug_str     0x00000c46       0xb0 src\system_stm32l1xx.o
                                0x2e4 (size before relaxing)
 .debug_str     0x00000cf6       0xa0 src\tiny_printf.o
                                0x646 (size before relaxing)

.comment        0x00000000       0x7c
 .comment       0x00000000       0x7c src\main.o
                                 0x7d (size before relaxing)
 .comment       0x0000007c       0x7d src\system_stm32l1xx.o
 .comment       0x0000007c       0x7d src\tiny_printf.o

.debug_frame    0x00000000      0x4f0
 .debug_frame   0x00000000      0x2b0 src\main.o
 .debug_frame   0x000002b0       0x58 src\system_stm32l1xx.o
 .debug_frame   0x00000308      0x1bc src\tiny_printf.o
 .debug_frame   0x000004c4       0x2c d:/truestudio for stm32 9.0.0/armtools/bin/../lib/gcc/arm-atollic-eabi/6.3.1/../../../../arm-atollic-eabi/lib/armv7-m\libc_nano.a(lib_a-init.o)

Cross Reference Table

Symbol                                            File
ADC1_IRQHandler                                   src\startup_stm32l152xe.o
AHBPrescTable                                     src\system_stm32l1xx.o
APBPrescTable                                     src\system_stm32l1xx.o
BusFault_Handler                                  src\startup_stm32l152xe.o
COMP_ACQ_IRQHandler                               src\startup_stm32l152xe.o
COMP_IRQHandler                                   src\startup_stm32l152xe.o
CRC16                                             src\main.o
DAC_IRQHandler                                    src\startup_stm32l152xe.o
DMA1_Channel1_IRQHandler                          src\startup_stm32l152xe.o
DMA1_Channel2_IRQHandler                          src\startup_stm32l152xe.o
DMA1_Channel3_IRQHandler                          src\startup_stm32l152xe.o
DMA1_Channel4_IRQHandler                          src\startup_stm32l152xe.o
DMA1_Channel5_IRQHandler                          src\startup_stm32l152xe.o
DMA1_Channel6_IRQHandler                          src\startup_stm32l152xe.o
DMA1_Channel7_IRQHandler                          src\startup_stm32l152xe.o
DMA2_Channel1_IRQHandler                          src\startup_stm32l152xe.o
DMA2_Channel2_IRQHandler                          src\startup_stm32l152xe.o
DMA2_Channel3_IRQHandler                          src\startup_stm32l152xe.o
DMA2_Channel4_IRQHandler                          src\startup_stm32l152xe.o
DMA2_Channel5_IRQHandler                          src\startup_stm32l152xe.o
DebugMon_Handler                                  src\startup_stm32l152xe.o
Default_Handler                                   src\startup_stm32l152xe.o
EXTI0_IRQHandler                                  src\startup_stm32l152xe.o
EXTI15_10_IRQHandler                              src\startup_stm32l152xe.o
EXTI1_IRQHandler                                  src\startup_stm32l152xe.o
EXTI2_IRQHandler                                  src\startup_stm32l152xe.o
EXTI3_IRQHandler                                  src\startup_stm32l152xe.o
EXTI4_IRQHandler                                  src\startup_stm32l152xe.o
EXTI9_5_IRQHandler                                src\startup_stm32l152xe.o
FLASH_IRQHandler                                  src\startup_stm32l152xe.o
HardFault_Handler                                 src\startup_stm32l152xe.o
I2C1_ER_IRQHandler                                src\startup_stm32l152xe.o
I2C1_EV_IRQHandler                                src\startup_stm32l152xe.o
I2C2_ER_IRQHandler                                src\startup_stm32l152xe.o
I2C2_EV_IRQHandler                                src\startup_stm32l152xe.o
LCD_IRQHandler                                    src\startup_stm32l152xe.o
MemManage_Handler                                 src\startup_stm32l152xe.o
NMI_Handler                                       src\startup_stm32l152xe.o
PLLMulTable                                       src\system_stm32l1xx.o
PVD_IRQHandler                                    src\startup_stm32l152xe.o
PendSV_Handler                                    src\startup_stm32l152xe.o
RCC_IRQHandler                                    src\startup_stm32l152xe.o
RTC_Alarm_IRQHandler                              src\startup_stm32l152xe.o
RTC_WKUP_IRQHandler                               src\startup_stm32l152xe.o
Reset_Handler                                     src\startup_stm32l152xe.o
SPI1_IRQHandler                                   src\startup_stm32l152xe.o
SPI2_IRQHandler                                   src\startup_stm32l152xe.o
SPI3_IRQHandler                                   src\startup_stm32l152xe.o
SVC_Handler                                       src\startup_stm32l152xe.o
SetSysClock                                       src\main.o
SysTick_Handler                                   src\startup_stm32l152xe.o
SystemCoreClock                                   src\system_stm32l1xx.o
SystemCoreClockUpdate                             src\system_stm32l1xx.o
                                                  src\main.o
SystemInit                                        src\system_stm32l1xx.o
                                                  src\startup_stm32l152xe.o
TAMPER_STAMP_IRQHandler                           src\startup_stm32l152xe.o
TIM10_IRQHandler                                  src\startup_stm32l152xe.o
TIM11_IRQHandler                                  src\startup_stm32l152xe.o
TIM2_IRQHandler                                   src\startup_stm32l152xe.o
TIM3_IRQHandler                                   src\startup_stm32l152xe.o
TIM4_IRQHandler                                   src\startup_stm32l152xe.o
TIM5_IRQHandler                                   src\startup_stm32l152xe.o
TIM6_IRQHandler                                   src\startup_stm32l152xe.o
TIM7_IRQHandler                                   src\startup_stm32l152xe.o
TIM9_IRQHandler                                   src\startup_stm32l152xe.o
UART4_IRQHandler                                  src\startup_stm32l152xe.o
UART5_IRQHandler                                  src\startup_stm32l152xe.o
USART1_IRQHandler                                 src\startup_stm32l152xe.o
USART2_IRQHandler                                 src\main.o
USART2_Init                                       src\main.o
USART2_read                                       src\main.o
USART2_write                                      src\main.o
USART3_IRQHandler                                 src\startup_stm32l152xe.o
USB_FS_WKUP_IRQHandler                            src\startup_stm32l152xe.o
USB_HP_IRQHandler                                 src\startup_stm32l152xe.o
USB_LP_IRQHandler                                 src\startup_stm32l152xe.o
UsageFault_Handler                                src\startup_stm32l152xe.o
WWDG_IRQHandler                                   src\startup_stm32l152xe.o
__deregister_frame_info                           d:/truestudio for stm32 9.0.0/armtools/bin/../lib/gcc/arm-atollic-eabi/6.3.1/armv7-m/crtbegin.o
__dso_handle                                      d:/truestudio for stm32 9.0.0/armtools/bin/../lib/gcc/arm-atollic-eabi/6.3.1/armv7-m/crtbegin.o
__env                                             src\syscalls.o
__init_array_end                                  d:/truestudio for stm32 9.0.0/armtools/bin/../lib/gcc/arm-atollic-eabi/6.3.1/../../../../arm-atollic-eabi/lib/armv7-m\libc_nano.a(lib_a-init.o)
__init_array_start                                d:/truestudio for stm32 9.0.0/armtools/bin/../lib/gcc/arm-atollic-eabi/6.3.1/../../../../arm-atollic-eabi/lib/armv7-m\libc_nano.a(lib_a-init.o)
__libc_init_array                                 d:/truestudio for stm32 9.0.0/armtools/bin/../lib/gcc/arm-atollic-eabi/6.3.1/../../../../arm-atollic-eabi/lib/armv7-m\libc_nano.a(lib_a-init.o)
                                                  src\startup_stm32l152xe.o
__malloc_free_list                                d:/truestudio for stm32 9.0.0/armtools/bin/../lib/gcc/arm-atollic-eabi/6.3.1/../../../../arm-atollic-eabi/lib/armv7-m\libc_nano.a(lib_a-nano-mallocr.o)
                                                  d:/truestudio for stm32 9.0.0/armtools/bin/../lib/gcc/arm-atollic-eabi/6.3.1/../../../../arm-atollic-eabi/lib/armv7-m\libc_nano.a(lib_a-nano-freer.o)
__malloc_lock                                     d:/truestudio for stm32 9.0.0/armtools/bin/../lib/gcc/arm-atollic-eabi/6.3.1/../../../../arm-atollic-eabi/lib/armv7-m\libc_nano.a(lib_a-mlock.o)
                                                  d:/truestudio for stm32 9.0.0/armtools/bin/../lib/gcc/arm-atollic-eabi/6.3.1/../../../../arm-atollic-eabi/lib/armv7-m\libc_nano.a(lib_a-nano-mallocr.o)
                                                  d:/truestudio for stm32 9.0.0/armtools/bin/../lib/gcc/arm-atollic-eabi/6.3.1/../../../../arm-atollic-eabi/lib/armv7-m\libc_nano.a(lib_a-nano-freer.o)
__malloc_sbrk_start                               d:/truestudio for stm32 9.0.0/armtools/bin/../lib/gcc/arm-atollic-eabi/6.3.1/../../../../arm-atollic-eabi/lib/armv7-m\libc_nano.a(lib_a-nano-mallocr.o)
__malloc_unlock                                   d:/truestudio for stm32 9.0.0/armtools/bin/../lib/gcc/arm-atollic-eabi/6.3.1/../../../../arm-atollic-eabi/lib/armv7-m\libc_nano.a(lib_a-mlock.o)
                                                  d:/truestudio for stm32 9.0.0/armtools/bin/../lib/gcc/arm-atollic-eabi/6.3.1/../../../../arm-atollic-eabi/lib/armv7-m\libc_nano.a(lib_a-nano-mallocr.o)
                                                  d:/truestudio for stm32 9.0.0/armtools/bin/../lib/gcc/arm-atollic-eabi/6.3.1/../../../../arm-atollic-eabi/lib/armv7-m\libc_nano.a(lib_a-nano-freer.o)
__preinit_array_end                               d:/truestudio for stm32 9.0.0/armtools/bin/../lib/gcc/arm-atollic-eabi/6.3.1/../../../../arm-atollic-eabi/lib/armv7-m\libc_nano.a(lib_a-init.o)
__preinit_array_start                             d:/truestudio for stm32 9.0.0/armtools/bin/../lib/gcc/arm-atollic-eabi/6.3.1/../../../../arm-atollic-eabi/lib/armv7-m\libc_nano.a(lib_a-init.o)
__register_frame_info                             d:/truestudio for stm32 9.0.0/armtools/bin/../lib/gcc/arm-atollic-eabi/6.3.1/armv7-m/crtbegin.o
__sf_fake_stderr                                  d:/truestudio for stm32 9.0.0/armtools/bin/../lib/gcc/arm-atollic-eabi/6.3.1/../../../../arm-atollic-eabi/lib/armv7-m\libc_nano.a(lib_a-impure.o)
__sf_fake_stdin                                   d:/truestudio for stm32 9.0.0/armtools/bin/../lib/gcc/arm-atollic-eabi/6.3.1/../../../../arm-atollic-eabi/lib/armv7-m\libc_nano.a(lib_a-impure.o)
__sf_fake_stdout                                  d:/truestudio for stm32 9.0.0/armtools/bin/../lib/gcc/arm-atollic-eabi/6.3.1/../../../../arm-atollic-eabi/lib/armv7-m\libc_nano.a(lib_a-impure.o)
_close                                            src\syscalls.o
_ebss                                             src\startup_stm32l152xe.o
_edata                                            src\startup_stm32l152xe.o
_estack                                           src\startup_stm32l152xe.o
_execve                                           src\syscalls.o
_exit                                             src\syscalls.o
_fini                                             d:/truestudio for stm32 9.0.0/armtools/bin/../lib/gcc/arm-atollic-eabi/6.3.1/armv7-m/crti.o
_fork                                             src\syscalls.o
_free_r                                           d:/truestudio for stm32 9.0.0/armtools/bin/../lib/gcc/arm-atollic-eabi/6.3.1/../../../../arm-atollic-eabi/lib/armv7-m\libc_nano.a(lib_a-nano-freer.o)
                                                  d:/truestudio for stm32 9.0.0/armtools/bin/../lib/gcc/arm-atollic-eabi/6.3.1/../../../../arm-atollic-eabi/lib/armv7-m\libc_nano.a(lib_a-reent.o)
_fstat                                            src\syscalls.o
_getpid                                           src\syscalls.o
_gettimeofday                                     src\syscalls.o
_global_impure_ptr                                d:/truestudio for stm32 9.0.0/armtools/bin/../lib/gcc/arm-atollic-eabi/6.3.1/../../../../arm-atollic-eabi/lib/armv7-m\libc_nano.a(lib_a-impure.o)
_impure_ptr                                       d:/truestudio for stm32 9.0.0/armtools/bin/../lib/gcc/arm-atollic-eabi/6.3.1/../../../../arm-atollic-eabi/lib/armv7-m\libc_nano.a(lib_a-impure.o)
                                                  d:/truestudio for stm32 9.0.0/armtools/bin/../lib/gcc/arm-atollic-eabi/6.3.1/../../../../arm-atollic-eabi/lib/armv7-m\libc_nano.a(lib_a-reent.o)
_init                                             d:/truestudio for stm32 9.0.0/armtools/bin/../lib/gcc/arm-atollic-eabi/6.3.1/armv7-m/crti.o
                                                  d:/truestudio for stm32 9.0.0/armtools/bin/../lib/gcc/arm-atollic-eabi/6.3.1/../../../../arm-atollic-eabi/lib/armv7-m\libc_nano.a(lib_a-init.o)
_isatty                                           src\syscalls.o
_kill                                             src\syscalls.o
_link                                             src\syscalls.o
_lseek                                            src\syscalls.o
_malloc_r                                         d:/truestudio for stm32 9.0.0/armtools/bin/../lib/gcc/arm-atollic-eabi/6.3.1/../../../../arm-atollic-eabi/lib/armv7-m\libc_nano.a(lib_a-nano-mallocr.o)
_open                                             src\syscalls.o
_read                                             src\syscalls.o
_readlink                                         src\syscalls.o
_reclaim_reent                                    d:/truestudio for stm32 9.0.0/armtools/bin/../lib/gcc/arm-atollic-eabi/6.3.1/../../../../arm-atollic-eabi/lib/armv7-m\libc_nano.a(lib_a-reent.o)
_sbrk                                             src\syscalls.o
                                                  d:/truestudio for stm32 9.0.0/armtools/bin/../lib/gcc/arm-atollic-eabi/6.3.1/../../../../arm-atollic-eabi/lib/armv7-m\libc_nano.a(lib_a-sbrkr.o)
_sbrk_r                                           d:/truestudio for stm32 9.0.0/armtools/bin/../lib/gcc/arm-atollic-eabi/6.3.1/../../../../arm-atollic-eabi/lib/armv7-m\libc_nano.a(lib_a-sbrkr.o)
                                                  d:/truestudio for stm32 9.0.0/armtools/bin/../lib/gcc/arm-atollic-eabi/6.3.1/../../../../arm-atollic-eabi/lib/armv7-m\libc_nano.a(lib_a-nano-mallocr.o)
_sbss                                             src\startup_stm32l152xe.o
_sdata                                            src\startup_stm32l152xe.o
_sidata                                           src\startup_stm32l152xe.o
_stat                                             src\syscalls.o
_symlink                                          src\syscalls.o
_times                                            src\syscalls.o
_unlink                                           src\syscalls.o
_wait                                             src\syscalls.o
_write                                            src\syscalls.o
                                                  src\tiny_printf.o
cleanup_glue                                      d:/truestudio for stm32 9.0.0/armtools/bin/../lib/gcc/arm-atollic-eabi/6.3.1/../../../../arm-atollic-eabi/lib/armv7-m\libc_nano.a(lib_a-reent.o)
crcCheck                                          src\main.o
delay_40us                                        src\main.o
delay_ms                                          src\main.o
end                                               src\syscalls.o
environ                                           src\syscalls.o
errno                                             d:/truestudio for stm32 9.0.0/armtools/bin/../lib/gcc/arm-atollic-eabi/6.3.1/../../../../arm-atollic-eabi/lib/armv7-m\libc_nano.a(lib_a-reent.o)
                                                  d:/truestudio for stm32 9.0.0/armtools/bin/../lib/gcc/arm-atollic-eabi/6.3.1/../../../../arm-atollic-eabi/lib/armv7-m\libc_nano.a(lib_a-sbrkr.o)
                                                  src\syscalls.o
fiprintf                                          src\tiny_printf.o
fprintf                                           src\tiny_printf.o
fputs                                             src\tiny_printf.o
fwrite                                            src\tiny_printf.o
g_pfnVectors                                      src\startup_stm32l152xe.o
getDHT22Pin                                       src\main.o
initialise_monitor_handles                        src\syscalls.o
iprintf                                           src\tiny_printf.o
mFlag                                             src\main.o
main                                              src\main.o
                                                  src\startup_stm32l152xe.o
printf                                            src\tiny_printf.o
puts                                              src\tiny_printf.o
readSensor                                        src\main.o
receiveDHT22Data                                  src\main.o
receiveDHT22PreparationResponse                   src\main.o
sendStartToDHT22                                  src\main.o
siprintf                                          src\tiny_printf.o
sprintf                                           src\tiny_printf.o
                                                  src\main.o
strlen                                            d:/truestudio for stm32 9.0.0/armtools/bin/../lib/gcc/arm-atollic-eabi/6.3.1/../../../../arm-atollic-eabi/lib/armv7-m\libc_nano.a(lib_a-strlen.o)
                                                  src\tiny_printf.o
                                                  src\main.o
ts_formatlength                                   src\tiny_printf.o
ts_formatstring                                   src\tiny_printf.o
ts_itoa                                           src\tiny_printf.o
uartPrint                                         src\main.o
uartPrintLiteralStr                               src\main.o
