core_cm3.h:1452:22:NVIC_EnableIRQ	16	static
nucleo152start.h:1:6:SetSysClock	16	static
main.c:42:5:main	176	static
main.c:136:6:crcCheck	24	static
main.c:144:20:CRC16	24	static
main.c:191:6:USART2_read	16	static
main.c:200:14:getDHT22Pin	16	static
main.c:205:6:delay_ms	24	static
main.c:212:6:delay_40us	24	static
main.c:219:6:USART2_Init	4	static
main.c:233:6:USART2_write	16	static
main.c:240:6:uartPrintLiteralStr	24	static
main.c:249:6:uartPrint	24	static
main.c:258:6:USART2_IRQHandler	16	static
main.c:278:14:readSensor	80	dynamic
main.c:308:6:sendStartToDHT22	8	static
main.c:323:6:receiveDHT22PreparationResponse	8	static
main.c:333:6:receiveDHT22Data	216	static
